[  000000]Intilizingcgupsubs cset[  0.0000] niiaizg roupsuyscpu[  000000]niiaizg grup ssys cpuact
[  .00000] Linux vrsn .4.012generi(bld@ly0am64-0) cc vrsn .4.020069 (Unt5.4.0-6buu116.09) #154-Ubunu P ri My  1:15:18 TC01 (Ubunu 4.-12815-gneic 4.4.131)
[    0.000000] Command line: BOOT_MAE=oot/vmlinuz-4.4.0-128-generic root=LABEL=cloudimg-rootfs ro console=tty1 console=ttyS0
[    0.000000] KERNEL supported cpus:
[   .0000]   Ite GnuneInte
   000000] AD AuhetiAM
[   0.000]  enauCentauHals
[   00000] 86fp xstatofet[2]:  76 xtae_size[2  56
  0.00000] x86/fpu: Supporting XSAVE feature 0x01: 'x87 floating point registers'
[    0.000000] x86/fpu: Supporting XSAVE fetu 002: SS rgiters
  0.0000] 86pu: SuppoinXSAV fatre0x04 'VXreisers'
[    0.000000] x86/fpu: Enabled xstate features 0x7, context size is 832 bytes, using 'standard' format.
[    0.000000] x86/puUsing 'lazy'FPcontex stcs.
  0.0000] 20 BOSroidedphicl RA mp:
[   0.000] BOS82: [mem0x0000000000-000000000fbff] usable
[   0.0000 BIOSe80:[mm x00000009fc00-x000000009ffff] reserved
   000000] BOSe80:[mem 0x00000000000f0000-0x00000000000fffff] reserved
[   00000] BIS-82 [mem x000000010000x000000fefff]sae
[    0.000000] BIOS-e820: [mem 0x000000003fff0000-0x000000003fffffff] ACPI data
[    0.000000] BIOS-e820: [mem 0x00000000fec00000-0x00000000fec00fff] reserved
[    0.000000] BIOS-e80:[mm x00000000fe000-000000ee0fff] esrvd
[    0.000]BIOS-e20 [m 0x0000fffc000x000000fffff]rervd
[   00000]NX(Exeute Diab) roteio atie
[    0.000000] SMBIOS 2.5 present.
[    0.000000] Hypervisor detected: KVM
[    0.000000] e820: last_pfn = 0x3fff0 max_arch_pfn = 0x400000000[   0.000] MRR Disle
[    0.000000] x86/PAT: MTRRs disbl, kipping PAT initialization too.
[   00000]PUMTs l llank- iruaizedsyem
[  00000] 6/AT Conigraon [07]WB WT C-C WB  T C- UC 
[    0.000000] found SMP MP-table at [mem 0x0009fff0-0x0009ffff] mapped at [ffff88000009fff0]
[    0.000000] Scanning 1 areas orowmemoy orupion   0.000] AMDIK:me 0x36aa00-07549fff]
[    0.00000]AC: Ealytalechecsu vriicatn sabld    .0000]ACI: RDPx00000000E00 000 (02 VOX)[   .0000]CP XSDT x000003FF00 0003C (v01 VBOX   VBOXXSDT 00000001 ASL  00000061)
[    0.000000] ACPI: FACP 0x000000003FFF00F0 0000F4 (v04 VBOX   VBOXFACP 000000AS  000006)[   0.000] ACP: SD0x000000FF047000FF(v02VB  VBOXIO000000 IL 010028
[    0.0000] PI FACS 0x00003FFF0200 000040
[    0.000000] ACPI: FACS 0x000000003FFF0200 000040
[    0.000000] ACPI: APIC 0x000000003FFF0240 00005C (v02VBX VBOXPI00001 L 000006)[    00000] ACI:SD 0x000000003FFF020 01C (v1 OX  VBOXPU 000002 NT200028
[    0.000000] No NUMA configuration found
[    0.000000] Faking a node at [mem 0x0000000000000000-0x000000003ffeffff]
[    0.000000] NODE_DATA(0) allocated [mem 0x3ffeb000-0x3ffeffff]
[   0.000] vm-coc Uin msrs b5d0 and 45600
[   00000] kvm-clock: cpu 0, msr 0:3ffe3001, primary cpu clock
[    0.00000]vmclock:usngchd ofse o 31732318 yces
[    0.000000] clocksource: kvm-clock: mask: 0xffffffffffff max_ccls:0xcd424dfb, max_idle_ns: 881590591483 ns
[    0.000000] Zone ranges:
[    0.0000  A     [m 000000001000x000000ffff][  0.000000]   DMA32    [mem 0x0000000001000000-0x000000003ffeffff]
[    0.000000]   Normal   empty
[    0.000000]   Device   empty
[    0.000000] Movable zone start for each node
[    0.000000] Early memory node ranges
[    0.000000]   nod  : me 0x000000001000-0x000000ef]
[    0.000000]   node   0: [mem 0x0000000000100000-0x000000003ffeffff]
[    0.000000] Initmem setup node 0 [mem 0x0000000000001000-0x000000003ffeffff]
[    0.000000] ACPI: PM-Timer IO Port: 0x4008
[    0.000000] IOAPIC[0]: apic_id 2, vesi 3, ddres fe0000, I -23
[    0.00000]CP: INT_SRC_OVR (bus 0 bus_irq 0 global_irq 2 dfl dfl)
[    0.000000] ACPI: INT_SRC_OVR (bus 0 bus_irq 9 global_irq 9 low levl)
[   .000000 Uin API (MA) r MPcofiuraton ifoaton
[    0.000000] smpboot: Allowing 2 CPUs, 0 hotplug CPUs
[    0.0000]PM Rgier nosvemery: [mem 00000-0x0000ff]
[    0.000000] PM: Registered nosav memry [m 0x00f0-0x009ff
   00000] : egiserd save mmoy:[mm 0x0000-0x00eff
[    00000 PM: Rgiteednosave memory: [mem 0x000f0000-0x000fffff]
[    0.000000] e820: [mem 0x40000000-0xfebfffff] available for PCI devices
[   .00000] Booinpavirtualize kne on M[   .0000]losourcerened-jifi: ask:0xfffff max_cyle: ffffffff m_ile_n: 4519602168ns
   000000]et_percp: R_US:512r_umskbi:52 nrcp_is: nr_nodeid1
[  .00000 PRC: mbdd 3 pags/u ffff803f0000 s99544 r8192 d31528 u1048576
[    0.000000] PV qspinlock hash ab etries: 256 (rdr:, 406 te)
[   00000]But  zonlitsn Nodeorr,mobiitgrupinon Totl ge: 2591
[    0.000000] Policy zone: DMA32
[    0.000000] Kernel command line: OOT_MA=/oot/vmliuz4..0-128-geerc oo=LABL=ouimg-oos o coso=ty1 cnslettS0
[   .0000] PIDha tble enris:096 rdr:3, 368ytes
[    0.000000] Memory: 100116/10412 aailale851Kkeelcode, 31K wdta 400K daa,152Knit, 116K ss 46504 rered, K mareerved)
[   .0000] SUB Hlign64Orer=0, nObjct=0CPUs2,ods=1
[    0.000000] Kerne/Ur age abessolation: enabled
[    0.000000] Hierarchical RCU implementation.
[    0.000000] 	Build-time adjustment of leaf fanout to 64
  0.0000 	CUresticinCPUs from NR_CPUS=512 to nr_cpu_ids=2.
[    0.000000] RCU: Adjusting geometry for rcu_fanout_leaf=64, nr_cpu_ids=2
[    0.0000 N_IRQ:302nr_iqs4416
[   00000]Cosole: colour VGA+ 80x25
[    0.000000] console [tty1] enabled
[    0.000000] consoe [ttyS0] enabled
[    0.000000] tsc: Detected 4007.996 MHz processor
[   14.960581] Calibrating delay loop (skipped) preset value.. 8015.99 BogoMIPS (lpj=16031984)
[   14.962073] pid_max: default: 32768 minimum: 301
[   15.041258] ACPI: Core revision 20150930
[   15.057316] ACPI: 2 ACPI AML tables successfully acquired and loaded
[   15.080662] Security Framework initialized
[   15.148454] Yama: becoming mindful.
[   15.149227] AppArmor: AppArmor initialized
[   15.217395] Dentry cache hash table entries: 131072 (order: 8, 1048576 bytes)
[   15.223054] Inode-cache hash table entries: 65536 (order: 7, 524288 bytes)
[   15.256299] Mount-cache hash table entries: 2048 (order: 2, 16384 bytes)
[   15.269518] Mountpoint-cache hash table entries: 2048 (order: 2, 16384 bytes)
[   15.372576] Initializing cgroup subsys io
[   15.390846] Initializing cgroup subsys memory
[   15.476764] Initializing cgroup subsys devices
[   15.477551] Initializing cgroup subsys freezer
[   15.492674] Initializing cgroup subsys net_cls
[   15.502258] Initializing cgroup subsys perf_event
[   15.514259] Initializing cgroup subsys net_prio
[   15.571448] Initializing cgroup subsys hugetlb
[   15.652808] Initializing cgroup subsys pids
[   15.656727] CPU: Physical Processor ID: 0
[   15.657477] CPU: Processor Core ID: 0
[   15.671124] mce: CPU supports 0 MCE banks
[   15.741246] Last level iTLB entries: 4KB 64, 2MB 8, 4MB 8
[   15.851641] Last level dTLB entries: 4KB 64, 2MB 0, 4MB 0, 1GB 4
[   15.875014] Spectre V2 : Mitigation: Full generic retpoline
[   15.881536] Spectre V2 : Speculation control IBPB not-supported IBRS not-supported
[   15.884813] Spectre V2 : Filling RSB on context switch
[   15.955168] Speculative Store Bypass: Vulnerable
[   15.959641] Freeing SMP alternatives memory: 32K
[   15.978164] ftrace: allocating 32236 entries in 126 pages
[   16.065261] smpboot: APIC(0) Converting physical 0 to logical package 0
[   16.089347] smpboot: Max logical packages: 1
[   16.097476] x2apic enabled
[   16.117598] Switched APIC routing to physical x2apic.
[   16.123055] ..TIMER: vector=0x30 apic1=0 pin1=2 apic2=-1 pin2=-1
[   16.231872] smpboot: CPU0: Intel(R) Core(TM) i7-6700K CPU @ 4.00GHz (family: 0x6, model: 0x5e, stepping: 0x3)
[   16.262441] Performance Events: unsupported p6 CPU model 94 no PMU driver, software events only.
[   16.313223] KVM setup paravirtual spinlock
[   16.316022] x86: Booting SMP configuration:
[   16.375730] .... node  #0, CPUs:      #1
[   16.379881] kvm-clock: cpu 1, msr 0:3ffe3041, secondary cpu clock
[   16.402804] mce: CPU supports 0 MCE banks
[   16.406948] x86: Booted up 1 node, 2 CPUs
[   16.451993] smpboot: Total of 2 processors activated (16031.98 BogoMIPS)
[   16.474855] devtmpfs: initialized
[   16.505588] evm: security.selinux
[   16.539500] evm: security.SMACK64
[   16.559013] evm: security.SMACK64EXEC
[   16.559704] evm: security.SMACK64TRANSMUTE
[   16.560436] evm: security.SMACK64MMAP
[   16.570840] evm: security.ima
[   16.571446] evm: security.capability
[   16.590658] clocksource: jiffies: mask: 0xffffffff max_cycles: 0xffffffff, max_idle_ns: 7645041785100000 ns
[   16.630928] futex hash table entries: 512 (order: 3, 32768 bytes)
[   16.648303] pinctrl core: initialized pinctrl subsystem
[   16.659199] RTC time: 20:09:26, date: 06/28/18
[   16.660107] NET: Registered protocol family 16
[   16.689543] cpuidle: using governor ladder
[   16.737864] cpuidle: using governor menu
[   16.765848] PCCT header not found.
[   16.771734] ACPI: bus type PCI registered
[   16.790921] acpiphp: ACPI Hot Plug PCI Controller Driver version: 0.5
[   16.821834] PCI: Using configuration type 1 for base access
[   16.869832] ACPI: Added _OSI(Module Device)
[   16.904987] ACPI: Added _OSI(Processor Device)
[   16.921152] ACPI: Added _OSI(3.0 _SCP Extensions)
[   16.926906] ACPI: Added _OSI(Processor Aggregator Device)
[   16.942024] ACPI: Executed 1 blocks of module-level executable AML code
[   16.968383] ACPI: Interpreter enabled
[   16.989634] ACPI: (supports S0 S5)
[   17.017038] ACPI: Using IOAPIC for interrupt routing
[   17.062044] PCI: Using host bridge windows from ACPI; if necessary, use "pci=nocrs" and report a bug
[   17.098877] ACPI: PCI Root Bridge [PCI0] (domain 0000 [bus 00-ff])
[   17.121129] acpi PNP0A03:00: _OSC: OS supports [ASPM ClockPM Segments MSI]
[   17.122595] acpi PNP0A03:00: _OSC: not requesting OS control; OS requires [ExtendedConfig ASPM ClockPM MSI]
[   17.124812] acpi PNP0A03:00: fail to add MMCONFIG information, can't access extended PCI configuration space under this bridge.
[   17.145262] PCI host bridge to bus 0000:00
[   17.176126] pci_bus 0000:00: root bus resource [io  0x0000-0x0cf7 window]
[   17.205494] pci_bus 0000:00: root bus resource [io  0x0d00-0xffff window]
[   17.229815] pci_bus 0000:00: root bus resource [mem 0x000a0000-0x000bffff window]
[   17.256324] pci_bus 0000:00: root bus resource [mem 0x40000000-0xfdffffff window]
[   17.291057] pci_bus 0000:00: root bus resource [bus 00-ff]
[   17.352666] pci 0000:00:01.1: legacy IDE quirk: reg 0x10: [io  0x01f0-0x01f7]
[   17.381753] pci 0000:00:01.1: legacy IDE quirk: reg 0x14: [io  0x03f6]
[   17.406507] pci 0000:00:01.1: legacy IDE quirk: reg 0x18: [io  0x0170-0x0177]
[   17.410954] pci 0000:00:01.1: legacy IDE quirk: reg 0x1c: [io  0x0376]
[   17.464623] pci 0000:00:07.0: quirk: [io  0x4000-0x403f] claimed by PIIX4 ACPI
[   17.514503] pci 0000:00:07.0: quirk: [io  0x4100-0x410f] claimed by PIIX4 SMB
[   17.550289] ACPI: PCI Interrupt Link [LNKA] (IRQs 5 9 10 *11)
[   17.575930] ACPI: PCI Interrupt Link [LNKB] (IRQs 5 9 *10 11)
[   17.584010] ACPI: PCI Interrupt Link [LNKC] (IRQs 5 *9 10 11)
[   17.610574] ACPI: PCI Interrupt Link [LNKD] (IRQs 5 9 10 *11)
[   17.621668] ACPI: Enabled 2 GPEs in block 00 to 07
[   17.648437] vgaarb: setting as boot device: PCI:0000:00:02.0
[   17.673181] vgaarb: device added: PCI:0000:00:02.0,decodes=io+mem,owns=io+mem,locks=none
[   17.674621] vgaarb: loaded
[   17.695283] vgaarb: bridge control possible 0000:00:02.0
[   17.696355] SCSI subsystem initialized
[   17.702433] ACPI: bus type USB registered
[   17.703213] usbcore: registered new interface driver usbfs
[   17.710413] usbcore: registered new interface driver hub
[   17.713288] usbcore: registered new device driver usb
[   17.748362] PCI: Using ACPI for IRQ routing
[   17.776440] NetLabel: Initializing
[   17.785280] NetLabel:  domain hash size = 128
[   17.796639] NetLabel:  protocols = UNLABELED CIPSOv4
[   17.797530] NetLabel:  unlabeled traffic allowed by default
[   17.799150] amd_nb: Cannot enumerate AMD northbridges
[   17.816774] clocksource: Switched to clocksource kvm-clock
[   17.835] pprmor: AppArmor Filesystem nale
[   18.070311] pnp: PnP ACPI init[  10924 pp:PnACI:ou 3evce

[   18.550996] clocksource: acpi_pm: mask: 0xffffff max_cycles: 0xffffff, max_idle_ns: 2085701024 ns
[   18.559701] NET: Registered protocol family 2
[   18.560571] TCP established hash table entries: 8192 (order: 4, 65536 bytes)
[   18.564747] TCP bind hash table entries: 8192 (order: 5, 131072 bytes)
[   18.570177] TCP: Hash tables configured (established 8192 bind 8192)
[   18.579556] UDP hash table entries: 512 (order: 2, 16384 bytes)
[   18.582481] UDP-Lite hash table entries: 512 (order: 2, 16384 bytes)
[   18.585588] NET: Registered protocol family 1
[   18.586362] pci 0000:00:00.0: Limiting direct PCI/PCI transfers
[   18.590245] pci 0000:00:01.0: Activating ISA DMA hang workarounds
[   18.601969] Unpacking initramfs...
[   20.326003] Freeing initrd memory: 10904K
[   20.346334] platform rtc_cmos: registered platform RTC device (no PNP device found)
[   20.350377] Scanning for low memory corruption every 60 seconds
[   20.357988] audit: initializing netlink subsys (disabled)
[   20.369277] audit: type=2000 audit(1530216558.071:1): initialized
[   20.372617] Initialise system trusted keyring
[   20.376012] HugeTLB registered 2 MB page size, pre-allocated 0 pages
[   20.379426] zbud: loaded
[   20.389089] VFS: Disk quotas dquot_6.6.0
[   20.397896] VFS: Dquot-cache hash table entries: 512 (order 0, 4096 bytes)
[   20.404449] squashfs: version 4.0 (2009/01/31) Phillip Lougher
[   20.408025] fuse init (API version 7.23)
[   20.410173] Key type big_key registered
[   20.412447] Allocating IMA MOK and blacklist keyrings.
[   20.414207] Key type asymmetric registered
[   20.420116] Asymmetric key parser 'x509' registered
[   20.424501] Block layer SCSI generic (bsg) driver version 0.4 loaded (major 249)
[   20.425942] io scheduler noop registered
[   20.430711] io scheduler deadline registered (default)
[   20.432136] io scheduler cfq registered
[   20.437080] pci_hotplug: PCI Hot Plug PCI Core version: 0.5
[   20.438001] pciehp: PCI Express Hot Plug Controller Driver version: 0.4
[   20.442112] ACPI: AC Adapter [AC] (on-line)
[   20.455403] input: Power Button as /devices/LNXSYSTM:00/LNXPWRBN:00/input/input0
[   20.456730] ACPI: Power Button [PWRF]
[   20.457468] input: Sleep Button as /devices/LNXSYSTM:00/LNXSLPBN:00/input/input1
[   20.458802] ACPI: Sleep Button [SLPF]
[   20.461345] GHES: HEST is not enabled!
[   20.462104] Serial: 8250/16550 driver, 32 ports, IRQ sharing enabled
[   20.489755] 00:02: ttyS0 at I/O 0x3f8 (irq = 4, base_baud = 115200) is a 16550A
[   20.504820] Linux agpgart interface v0.103
[   20.508243] loop: module loaded
[   20.514335] scsi host0: ata_piix
[   20.523937] scsi host1: ata_piix
[   20.528406] ata1: PATA max UDMA/33 cmd 0x1f0 ctl 0x3f6 bmdma 0xd000 irq 14
[   20.530937] ata2: PATA max UDMA/33 cmd 0x170 ctl 0x376 bmdma 0xd008 irq 15
[   20.546388] libphy: Fixed MDIO Bus: probed
[   20.547144] tun: Universal TUN/TAP device driver, 1.6
[   20.548006] tun: (C) 1999-2004 Max Krasnyansky <maxk@qualcomm.com>
[   20.549046] PPP generic driver version 2.4.2
[   20.551432] ehci_hcd: USB 2.0 'Enhanced' Host Controller (EHCI) Driver
[   20.552500] ehci-pci: EHCI PCI platform driver
[   20.555304] ehci-platform: EHCI generic platform driver
[   20.565865] ohci_hcd: USB 1.1 'Open' Host Controller (OHCI) Driver
[   20.573652] ohci-pci: OHCI PCI platform driver
[   20.576390] ohci-platform: OHCI generic platform driver
[   20.579231] uhci_hcd: USB Universal Host Controller Interface driver
[   20.580296] i8042: PNP: PS/2 Controller [PNP0303:PS2K,PNP0f03:PS2M] at 0x60,0x64 irq 1,12
[   20.588993] serio: i8042 KBD port at 0x60,0x64 irq 1
[   20.610577] serio: i8042 AUX port at 0x60,0x64 irq 12
[   20.611529] mousedev: PS/2 mouse device common for all mice
[   20.619665] rtc_cmos rtc_cmos: rtc core: registered rtc_cmos as rtc0
[   20.634142] input: AT Translated Set 2 keyboard as /devices/platform/i8042/serio0/input/input2
[   20.638628] rtc_cmos rtc_cmos: alarms up to one day, 114 bytes nvram
[   206402 i /evntries drer
[  29580 dic-mpe uen versin 0.
  213403ts: fid C ocoucecaliraon408.4 MHz
[   21.34404clksrc: tsc: mask: 0xfffffffffffff mx_cl: x3c7ab4d47e m_ie_s:405494ns
[   22.842938] device-mapper: ioctl: 4.34.0-ioctl (2015-10-28) initialised: dm-devel@redhat.com
[   22.862669] ledtrig-cpu: registered to indicate activity on CPUs
[   22.896555] NET: Registered protocol family 10
[   22.930174] NET: Registered protocol family 17
[   22.961378] Key type dns_resolver registered
[   22.965463] registered taskstats version 1
[   22.990620] Loading compiled-in X.509 certificates
[   22.993718] Loaded X.509 cert 'Build time autogenerated kernel key: fc7b57a7df019f2655f66a8a374d74ee8f4999fc'
[   23.016064] zswap: loaded using pool lzo/zbud
[   23.021303] Key type trusted registered
[   23.027891] Key type encrypted registered
[   23.029815] AppArmor: AppArmor sha1 policy hashing enabled
[   23.030992] ima: No TPM chip found, activating TPM-bypass!
[   23.032223] evm: HMAC attrs: 0x1
[   23.074653]   Magic number: 6:842:195
[   23.083704] rtc_cmos rtc_cmos: setting system clock to 2018-06-28 20:09:33 UTC (1530216573)
[   23.111258] BIOS EDD facility v0.16 2004-Jun-25, 0 devices found
[   23.171216] EDD information not available.
[   23.172814] Freeing unused kernel memory: 1512K
[   23.221419] Write protecting the kernel read-only data: 14336k
[   23.237780] Freeing unused kernel memory: 1688K
[   23.873779] Freeing unused kernel memory: 96K
Loading, please [   24.656848] random: systemd-udevd: uninitialized urandom read (16 bytes read, 9 bits of entropy available)
wait...
startin[   24.657288] random: udevadm: uninitialized urandom read (16 bytes read, 9 bits of entropy available)
g version 229
[   24.657301] random: udevadm: uninitialized urandom read (16 bytes read, 9 bits of entropy available)
[   24.663496] random: udevadm: uninitialized urandom read (16 bytes read, 9 bits of entropy available)
[   24.663528] random: udevadm: uninitialized urandom read (16 bytes read, 9 bits of entropy available)
[   24.663672] random: udevadm: uninitialized urandom read (16 bytes read, 9 bits of entropy available)
[   24.663709] random: udevadm: uninitialized urandom read (16 bytes read, 9 bits of entropy available)
[   24.663745] random: udevadm: uninitialized urandom read (16 bytes read, 9 bits of entropy available)
[   24.663783] random: udevadm: uninitialized urandom read (16 bytes read, 9 bits of entropy available)
[   24.663817] random: udevadm: uninitialized urandom read (16 bytes read, 9 bits of entropy available)
[   25.036344] e1000: Intel(R) PRO/1000 Network Driver - version 7.3.21-k8-NAPI
[   25.045543] e1000: Copyright (c) 1999-2006 Intel Corporation.
[   25.054118] Fusion MPT base driver 3.04.20
[   25.061723] Copyright (c) 1999-2008 LSI Corporation
[   25.085396] Fusion MPT SPI Host driver 3.04.20
[   25.104722] AVX2 version of gcm_enc/dec engaged.
[   25.105852] AES CTR mode by8 optimization enabled
[   25.284092] input: ImExPS/2 Generic Explorer Mouse as /devices/platform/i8042/serio1/input/input4
[   25.440798] e1000 0000:00:03.0 eth0: (PCI:33MHz:32-bit) 02:92:f2:c9:fa:f8
[   26.109414] e1000 0000:00:03.0 eth0: Intel(R) PRO/1000 Network Connection
[   26.156124] mptbase: ioc0: Initiating bringup
[   26.307473] ioc0: LSI53C1030 A0: Capabilities={Initiator}
[   27.445173] scsi host2: ioc0: LSI53C1030 A0, FwRev=00000000h, Ports=1, MaxQ=256, IRQ=20
[   28.804428] scsi 2:0:0:0: Direct-Access     VBOX     HARDDISK         1.0  PQ: 0 ANSI: 5
[   28.877529] scsi target2:0:0: Beginning Domain Validation
[   29.096594] scsi target2:0:0: Domain Validation skipping write tests
[   29.164919] scsi target2:0:0: Ending Domain Validation
[   29.170563] scsi target2:0:0: asynchronous
[   29.192891] scsi 2:0:1:0: Direct-Access     VBOX     HARDDISK         1.0  PQ: 0 ANSI: 5
[   29.200817] scsi target2:0:1: Beginning Domain Validation
[   29.242093] scsi target2:0:1: Domain Validation skipping write tests
[   29.261342] scsi target2:0:1: Ending Domain Validation
[   29.291291] scsi target2:0:1: asynchronous
[   29.325389] sd 2:0:0:0: Attached scsi generic sg0 type 0
[   29.336317] sd 2:0:0:0: [sda] 20971520 512-byte logical blocks: (10.7 GB/10.0 GiB)
[   29.361689] sd 2:0:1:0: [sdb] 20480 512-byte logical blocks: (10.5 MB/10.0 MiB)
[   29.377042] sd 2:0:1:0: Attached scsi generic sg1 type 0
[   29.378144] sd 2:0:1:0: [sdb] Write Protect is off
[   29.379016] sd 2:0:0:0: [sda] Write Protect is off
[   29.383237] sd 2:0:1:0: [sdb] Incomplete mode parameter data
[   29.398379] sd 2:0:1:0: [sdb] Assuming drive cache: write through
[   29.426335] sd 2:0:0:0: [sda] Incomplete mode parameter data
[   29.443480] sd 2:0:0:0: [sda] Assuming drive cache: write through
[   29.463111]  sda: sda1
[   29.493628] e1000 0000:00:08.0 eth1: (PCI:33MHz:32-bit) 08:00:27:be:46:5f
[   29.493855] sd 2:0:0:0: [sda] Attached SCSI disk
[   29.502771] sd 2:0:1:0: [sdb] Attached SCSI disk
[   29.509345] e1000 0000:00:08.0 eth1: Intel(R) PRO/1000 Network Connection
[   29.897331] e1000 0000:00:09.0 eth2: (PCI:33MHz:32-bit) 08:00:27:96:4e:2c
[   29.958766] e1000 0000:00:09.0 eth2: Intel(R) PRO/1000 Network Connection
[   29.960596] e1000 0000:00:03.0 enp0s3: renamed from eth0
[   29.985637] e1000 0000:00:09.0 enp0s9: renamed from eth2
[   30.021416] e1000 0000:00:08.0 enp0s8: renamed from eth1
Begin: Loading e[   31.402782] md: linear personality registered for level -1
ssential drivers[   31.443979] md: multipath personality registered for level -4
 ... [   31.482330] md: raid0 personality registered for level 0
[   31.510007] md: raid1 personality registered for level 1
[   31.637171] raid6: sse2x1   gen() 14675 MB/s
[   31.721582] raid6: sse2x1   xor() 11032 MB/s
[   31.797225] raid6: sse2x2   gen() 18352 MB/s
[   31.889462] raid6: sse2x2   xor() 12349 MB/s
[   31.972911] raid6: sse2x4   gen() 20439 MB/s
[   32.053013] raid6: sse2x4   xor() 12015 MB/s
[   32.121258] raid6: avx2x1   gen() 24919 MB/s
[   32.200789] raid6: avx2x2   gen() 32143 MB/s
[   32.280801] raid6: avx2x4   gen() 35942 MB/s
[   32.297796] raid6: using algorithm avx2x4 gen() 35942 MB/s
[   32.298978] raid6: using avx2x2 recovery algorithm
[   32.305192] xor: automatically using best checksumming function:
[   32.345249]    avx       : 25663.000 MB/sec
[   32.358304] async_tx: api initialized (async)
[   32.366201] md: raid6 personality registered for level 6
[   32.379925] md: raid5 personality registered for level 5
[   32.388173] md: raid4 personality registered for level 4
[   32.393384] md: raid10 personality registered for level 10
done.
Begin: Running /scripts/init-premount ... done.
Begin: M[   32.419673] Btrfs loaded
ounting root file system ... Begin: Running /scripts/local-top .[   32.444939] EXT4-fs (sda1): mounted filesystem with ordered data mode. Opts: (null)
.. done.
Begin: Running /scripts/local-premount ... Scanning for Btrfs filesystems
done.
Warning: fsck not present, so skipping root file system
done.
Begin: Running /scripts/local-bottom ... ddne.
Begin: Running /scripts/init-bottom ... done.
[   32.561820] systemd[1]: systemd 229 running in system mode. (+PAM +AUDIT +SELINUX +IMA +APPARMOR +SMACK +SYSVINIT +UTMP +LIBCRYPTSETUP +GCRYPT +GNUTLS +ACL +XZ -LZ4 +SECCOMP +BLKID +ELFUTILS +KMOD -IDN)
[   32.585707] systemd[1]: Detected virtualization oracle.
[   32.586592] systemd[1]: Detected architecture x86-64.

Welcome to [1mUbuntu 16.04.4 LTS[0m!

[   32.633647] systemd[1]: Set hostname to <ubuntu>.
[   32.643454] systemd[1]: Initializing machine ID from random generator.
[   32.652515] systemd[1]: Installed transient /etc/machine-id file.
[   32.746912] systemd[1]: Listening on Device-mapper event daemon FIFOs.
[[0;32m  OK  [0m] Listening on Device-mapper event daemon FIFOs.
[   32.773782] systemd[1]: Reached target Encrypted Volumes.
[[0;32m  OK  [0m] Reached target Encrypted Volumes.
[   32.798200] systemd[1]: Created slice User and Session Slice.
[[0;32m  OK  [0m] Created slice User and Session Slice.
[   32.852972] systemd[1]: Listening on udev Kernel Socket.
[[0;32m  OK  [0m] Listening on udev Kernel Socket.
[   32.893148] systemd[1]: Created slice System Slice.
[[0;32m  OK  [0m] Created slice System Slice.
[   32.937492] systemd[1]: Listening on Journal Socket.
[[0;32m  OK  [0m] Listening on Journal Socket.
[   32.955196] systemd[1]: Created slice system-serial\x2dgetty.slice.
[[0;32m  OK  [0m] Created slice system-serial\x2dgetty.slice.
[   33.010194] systemd[1]: Listening on Journal Socket (/dev/log).
[[0;32m  OK  [0m] Listening on Journal Socket (/dev/log).
[   33.053111] systemd[1]: Reached target Slices.
[[0;32m  OK  [0m] Reached target Slices.
[   33.085210] systemd[1]: Mounting Debug File System...
         Mounting Debug File System...
[   33.113194] systemd[1]: Listening on LVM2 metadata daemon socket.
[[0;32m  OK  [0m] Listening on LVM2 metadata daemon socket.
[   33.169779] systemd[1]: Reached target System Time Synchronized.
[[0;32m  OK  [0m] Reached target System Time Synchronized.
[   33.231248] random: nonblocking pool is initialized
[   33.249237] systemd[1]: Starting Load Kernel Modules...
[   33.255929] Loading iSCSI transport class v2.0-870.
         Startin[   33.260569] iscsi: registered transport (tcp)
g Load Kernel Modules...
[   33.308226] iscsi: registered transport (iser)
[   34.136377] systemd[1]: Listening on /dev/initctl Compatibility Named Pipe.
[[0;32m  OK  [0m] Listening on /dev/initctl Compatibility Named Pipe.
[   34.237137] systemd[1]: Listening on Syslog Socket.
[[0;32m  OK  [0m] Listening on Syslog Socket.
[   34.253961] systemd[1]: Started Forward Password Requests to Wall Directory Watch.
[[0;32m  OK  [0m] Started Forward Password Requests to Wall Directory Watch.
[   34.309159] systemd[1]: Starting Nameserver information manager...
         Starting Nameserver information manager...
[   34.339599] systemd[1]: Listening on udev Control Socket.
[[0;32m  OK  [0m] Listening on udev Control Socket.
[   34.373652] systemd[1]: Starting Uncomplicated firewall...
         Starting Uncomplicated firewall...
[   34.397175] systemd[1]: Set up automount Arbitrary Executable File Formats File System Automount Point.
[[0;32m  OK  [0m] Set up automount Arbitrary Executab...ats File System Automount Point.
[   34.453655] systemd[1]: Starting Set console keymap...
         Starting Set console keymap...
[   34.489831] systemd[1]: Reached target User and Group Name Lookups.
[[0;32m  OK  [0m] Reached target User and Group Name Lookups.
[   34.528956] systemd[1]: Listening on Journal Audit Socket.
[[0;32m  OK  [0m] Listening on Journal Audit Socket.
[   34.568911] systemd[1]: Starting Journal Service...
         Starting Journal Service...
[   34.597222] systemd[1]: Listening on LVM2 poll daemon socket.
[[0;32m  OK  [0m] Listening on LVM2 poll daemon socket.
[   34.637151] systemd[1]: Starting Monitoring of LVM2 mirrors, snapshots etc. using dmeventd or progress polling...
         Starting Monitoring of LVM2 mirrors... dmeventd or progress polling...
[   34.692887] systemd[1]: Starting Remount Root and Kernel File Systems...
[   34.695003] EXT4-fs (sda1): re-mounted. Opts: (null)
         Starting Remount Root and Kernel File Systems...
[   34.749388] systemd[1]: Mounting POSIX Message Queue File System...
         Mounting POSIX Message Queue File System...
[   34.776869] systemd[1]: Reached target Swap.
[[0;32m  OK  [0m] Reached target Swap.
[   34.801096] systemd[1]: Mounting Huge Pages File System...
         Mounting Huge Pages File System...
[   34.852888] systemd[1]: Starting Create list of required static device nodes for the current kernel...
         Starting Create list of required st... nodes for the current kernel...
[   34.892949] systemd[1]: Started Trigger resolvconf update for networkd DNS.
[[0;32m  OK  [0m] Started Trigger resolvconf update for networkd DNS.
[   34.957823] systemd[1]: Mounted Huge Pages File System.
[[0;32m  OK  [0m] Mounted Huge Pages File System.
[   35.005151] systemd[1]: Mounted POSIX Message Queue File System.
[[0;32m  OK  [0m] Moonted POSIX Message Queue File System.
[   35.043315] systemd[1]: Mounted Debug File System.
[[0;32m  OK  [0m] Mounted Debug File System.
[   35.073514] systemd[1]: Started Journal Service.
[[0;32m  OK  [0m] Started Journal Service.
[[0;32m  OK  [0m] Started Load Kernel Modules.
[[0;32m  OK  [0m] Started Uncomplicated firewall.
[[0;32m  OK  [0m] Started Set console keymap.
[[0;32m  OK  [0m] Started Remount Root and Kernel File Systems.
[[0;32m  OK  [0m] Started Create list of required sta...ce nodes for the current kernel.
[[0;32m  OK  [0m] Started Nameserver information manager.
[[0;32m  OK  [0m] Started LVM2 metadata daemon.
         Starting Create Static Device Nodes in /dev...
         Starting Load/Save Random Seed...
         Starting udev Coldplug all Devices...
         Starting Apply Kernel Variables...
         Mounting FUSE Control File System...
         Starting Flush Journal  o Persistent Storage...
[[0;32m  OK  [0m] Mounted FUSE Control File System.
[[0;32m  OK  [0m] Started Create Static Device Nodes in /dev.
[[0;32m  OK  [0m] Started Monitoring of LVM2 mirrors,...ng dmeventd or progress polling.
[[0;32m  OK  [0m] Started Load/Save Random Seed.
[[0;32m  OK  [0m] Started Apply Kernel Variables.
[[0;32m  OK  [0m] Started udev Coldplug all Devices.
         Starting udev Kernel Device Manager...
[[0;32m  OK  [0m] Started udev Kernel Device Manager.
[[0;32m  OK  [0m] Started Flush Journal to Persistent Storage.
[[0;32m  OK  [0m] Started Dispatch Password Requests to Console Directory Watch.
[[0;32m  OK  [0m] Reached target Local File Systems (Pre).
[[0;32m  OK  [0m] Reached target Local File Systems.
         Starting LSB: AppArmor initialization...
         Starting Set console font and keymap...
         Starting Commit a transient machine-id on disk...
         Starting Create Volatile Files and Directories...
         Starting Tell Plymouth To Write Out Runtime Data...
         Starting Initial cloud-init job (pre-networking)...
[[0;32m  OK  [0m] Started Commit a transient machine-id on disk.
[[0;32m  OK  [0m] Started Create Volatile Files and Directories.
[[0;32m  OK  [0m] Started Tell Plymouth To Write Out Runtime Data.
[[0;32m  OK  [0m] Found device /dev/ttyS0.
[[0;32m  OK  [0m] Started Set console font and keymap.
[[0;32m  OK  [0m] Created slice system-getty.slice.
[[0;32m  OK  [0m] Listening on Load/Save RF Kill Switch Status /dev/rfkill Watch.
         Starting Update UTMP about System Boot/Shutdown...
[[0;32m  OK  [0m] Started Update UTMP about System Boot/Shutdown.
[   20.220497] cloud-init[685]: Cloud-init v. 18.2 running 'init-local' at Thu, 28 Jun 2018 20:09:47 +0000. Up 19.85 seconds.
[[0;32m  OK  [0m] Started Initial cloud-init job (pre-networking).
[[0;32m  OK  [0m] Reached target Network (Pre).
[[0;32m  OK  [0m] Started LSB: AppArmor initialization.
         Starting Raise network interfaces...
[[0;32m  OK  [0m] Started Raise network interfaces.
[[0;32m  OK  [0m] Reached target Network.
         Starting Initial cloud-init job (metadata service crawler)...
[   21.508952] cloud-init[979]: Cloud-init v. 18.2 running 'init' at Thu, 28 Jun 2018 20:09:48 +0000. Up 21.07 seconds.
[   21.548638] [cloud-init[0;32m  OK  [0m[979]: ] ci-info: ++++++++++++++++++++++++++++++++++++++Net device info++++++++++++++++++++++++++++++++++++++Started Initial cloud-init job (metadata service crawler).

[   21.548981] cloud-init[979]: ci-info: +--------+-------+----------------------------+---------------+-------+-------------------+
[   21.663935] [cloud-init[0;32m  OK  [0m[979]: ] ci-info: | Device |   Up  |          Address           |      Mask     | Scope |     Hw-Address    |Reached target Cloud-config availability.

[[0;32m  OK  [0m] Reached target System Initialization.
[[0;32m  OK  [0m] Listening on ACPID Listen Socket.
[   21.664293] cloud-init[979]: ci-info: +--------+-------+----------------------------+---------------+-------+-------------------+
[   21.943926] [cloud-init[0;32m  OK  [0m[979]: ] ci-info: | enp0s3 |  True |         10.0.2.15          | 255.255.255.0 |   .   | 02:92:f2:c9:fa:f8 |Started ACPI Events Check.

[[0;32m  OK  [0m] Reached target Paths.
[   21.944278] cloud-init[979]: ci-info: | enp0s3 |  True | fe80::92:f2ff:fec9:faf8/64 |       .       |  link | 02:92:f2:c9:fa:f8 |
[   22.147933]          cloud-initStarting Socket activation for snappy daemon.[979]: 
ci-info: | enp0s8 | False |             .              |       .       |   .   | 08:00:27:be:46:5f |
[   22.304998] [cloud-init[0;32m  OK  [0m[979]: ] ci-info: | enp0s9 | False |             .              |       .       |   .   | 08:00:27:96:4e:2c |Started Daily Cleanup of Temporary Directories.

[[0;32m  OK  [0m] Started Daily apt download activities.
[[0;32m  OK  [0m] Listening on D-Bus System Message Bus Socket.
[   22.305359] cloud-init[979]: ci-info: |   lo   |  True |         127.0.0.1          |   255.0.0.0   |   .   |         .         |
[[0;32m  OK  [0m] Listening on UUID daemon activation socket.
[   22.592053] cloud-init[979]: ci-inno: |   lo   |  True |          ::1/128           |       .       |  host |         .         |
[   22.708189] cloud-init[979]: ci-info: +--------+-------+----------------------------+---------------+-------+-------------------+
[   22.808629] [cloud-init[0;32m  OK  [0m[979]: ] ci-info: +++++++++++++++++++++++++++Route IPv4 info++++++++++++++++++++++++++++Started Daily apt upgrade and clean activities.

[[0;32m  OK  [0m] Reached target Timers.
[   22.808990] cloud-init[979]: ci-info: +-------+-------------+----------+---------------+-----------+-------+
[   23.016628]          cloud-initStarting LXD - unix socket.[979]: 
ci-info: | Route | Destination | Gateway  |    Genmask    | Interface | Flags |
[   23.132659] [cloud-init[0;32m  OK  [0m[979]: ] ci-info: +-------+-------------+----------+---------------+-----------+-------+Reached target Network is Online.

[   23.133012] cloud-init[979]: ci-info: |   0   |   0.0.0.0   | 10.0.2.2 |    0.0.0.0    |   enp0s3  |   UG  |
[   23.306456]          cloud-initStarting iSCSI initiator daemon (iscsid)...[979]: 
ci-info: |   1   |   10.0.2.0  | 0.0.0.0  | 255.255.255.0 |   enp0s3  |   U   |
[   23.421145] [cloud-init[0;32m  OK  [0m[979]: ] ci-info: +-------+-------------+----------+---------------+-----------+-------+Listening on Socket activation for snappy daemon.

[[0;32m  OK  [0m] Listening on LXD - unix socket.
[   23.421621] cloud-init[979]: Gennrating public/private rsa key pair.
[   23.572436] [cloud-init[0;32m  OK  [0m[979]: ] Your identification has been saved in /etc/ssh/ssh_host_rsa_key.Reached target Sockets.

[   23.640302] [cloud-init[0;32m  OK  [0m[979]: ] Your public key has been saved in /etc/ssh/ssh_host_rsa_key.pub.Reached target Basic System.

[   23.640663] cloud-init[979]: The key fingerprint is:
[   23.704904] cloud-init[979]: SHA256:2wcOOtbV5nHT02DWUHg5SWNoxlOisZ9J8TvniyLmUes root@ubuntu-xenial
         Starting LSB: Record successful boot for GRUB...
[   23.715455] cloud-init[979]: The key's randomart image is:
[   23.768669]          cloud-initStarting Snappy daemon...[979]: 
+---[RSA 2048]----+
[   23.812251]          cloud-initStarting Virtualbox guest utils...[979]: 
|           ..o=B+|
[   23.861535] [cloud-init[0;32m  OK  [0m[979]: ] |            +***o|Started Regular background program processing daemon.

[[0;32m  OK  [0m] Started Unattended Upgrades Shutdown.
[   23.861953] cloud-init[979]: |           oo.=oo|
[   23.944399]          cloud-initStarting Apply the settings specified in cloud-config...[979]: 
|           .ooooo|
[   23.985698] [cloud-init[0;32m  OK  [0m[979]: ] |        S o.++o++|Started D-Bus System Message Bus.

[   23.986087] cloud-init[979]: |       o *.+.o o+|
[   23.994298] cloud-init[979]: |      + o.o.o   .|
[   24.003209] cloud-init[979]: |     . . ooo  . .|
[   24.015461] [[0;32m  OK  [0m] Started ACPI event daemon.
cloud-init[979]: |        o..E.. . |
[   24.060481]          cloud-initStarting LSB: MD monitoring daemon...[979]: 
+----[SHA256]-----+
[   24.104442]          cloud-initStarting /etc/rc.local Compatibility...[979]: 
Generating public/private dsa key pair.
[   24.128284] [cloud-init[0;32m  OK  [0m[979]: ] Your identification has been saved in /etc/ssh/sss_host_dsa_key.Started FUSE filesystem for LXC.

[   24.128768] cloud-init[979]: Your public key has been saved in /etc/ssh/ssh_host_dsa_key.pub.
[   24.240478]          cloud-initStarting Accounts Service...[979]: 
The key fingerprint is:
[   24.265518]          cloud-initStarting Login Service...[979]: 
SHA256:oRl06dwdnvMhfKDK6MBUNexzlqR6OyfRphAoGa56Zhc root@ubuntu-xenial
[   24.312374]          cloud-initStarting System Logging Service...[979]: 
The key's randomart image is:
[   24.337469]          cloud-initStarting Pollinate to seed the pseudo random number generator...[979]: 
+---[DSA 1024]----+
[   24.409586] [cloud-init[0;32m  OK  [0m[979]: ] |      .o+.       |Started Deferred execution scheduler.

[   24.409993] cloud-init[979]: |  .  ...o.. o    |
[   24.488258] cloud-init[979]: | . o o.+.+ * +   |
         Starting LXD - container startup/shutdown...
[   24.488635] cloud-init[979]: |  + o .+*.* B o  |
[   24.576818] [cloud-init[0;32m  OK  [0m[979]: ] | . +  o=S*   = . |Started Snappy daemon.

[[0;32m  OK  [0m] Started System Logging Service.
[[0;32m  OK  [0m] Started iSCSI initiator daemon (iscsid).
[   24.577185] cloud-init[979]: |.   E + = o   .  |
[   24.706780] [[0;32m  OK  [0m] Started /etc/rc.local Compatibility.
cloud-init[979]: |.    + o =       |
[   24.759540] [cloud-init[0;32m  OK  [0m[979]: ] |. + . . = .      |Started LXD - container startup/shutdown.

[   24.759987] cloud-init[979]: | + .     +       |
[   24.820333] cloud-init[979]: +----[SHA256]-----+
[   24.850046] [cloud-init[0;32m  OK  [0m[979]: ] Generating public/private ecdsa key pair.Started LSB: Record successful boot for GRUB.

[[0;32m  OK  [0m] Started Virtualbox guest utils.
[   24.850707] cloud-init[979]: Your identification has been saved in /etc/ssh/ssh_host_ecdsa_key.
[   24.956519] [cloud-init[0;32m  OK  [0m[979]: ] Your public key has been saved in /etc/ssh/ssh_host_ecdsa_key.pub.Started Pollinate to seed the pseudo random number generator.

[   24.956895] cloud-init[979]: The key fingerprint is:
[   25.061026] cloud-init[979]: SHA256:ohIFy0Ybq8TSsBEKYpnjT8hum42bkN/OP74SA3v7XXs root@ubuntu-xenial
[   25.116854] cloud-init[979]: The key's randomart image is:
[   25.141049] cloud-init[979]: +---[ECDSA 256]---+
[[0;32m  OK  [0m] Started LSB: MD monitoring daemon.
[   25.164328] cloud-init[979]: |*o*              |
[   25.210352] cloud-init[979]: |*@ *             |
[   25.224910] cloud-init[979]: |*oX .            |
[[0;32m  OK  [0m] Started Login Service.
[   25.264602] cloud-init[979]: |o*.o             |
         Starting Authenticate and Authorize Users to Run Privileged Tasks...
[   25.315390] cloud-init[979]: |o +o  . S        |
         Starting OpenBSD Secure Shell server...
[   25.380334] cloud-init[979]: | +.o+. .         |
[   25.421931] cloud-init[979]: |+ *..+    .      |
[   25.422275] cloud-init[979]: |.=.=o .. . .E    |
[   25.422473] cloud-init[979]: | oo.+==o. ..     |
[   25.422682] cloud-init[979]: +----[SHA256]-----+
[   25.422912] cloud-init[979]: Generating public/private ed25519 key pair.
[   25.423124] cloud-init[979]: Your identification has been saved in /etc/ssh/ssh_host_ed25519_key.
         Starting Login to default iSCSI targets...
[   25.423267] cloud-init[979]: Your public key has been saved in /etc/ssh/ssh_host_ed25519_key.pub.
         Starting Wait until snapd is fully seeded...
[[0;32m  OK  [0m] Started OpenBSD Secure Shell server.
[   25.599139] cloud-init[979]: The key fingerprint is:
[   25.681295] cloud-init[979]: SHA256:Ay4JxgYLp3D9u0g6+GnKunzzasbwAPGKLMJxReH3UOk root@ubuntu-xenial
[   25.681527] cloud-init[979]: The key's randomart image is:
[[0;32m  OK  [0m] Started Authenticate and Authorize Users to Run Privileged Tasks.
[   25.681739] cloud-init[979]: +--[ED25519 256]--+
[   25.764315] cloud-init[979]: |+ o..o.  ..      |
[   25.764540] cloud-init[979]: |+B  o.  ..       |
[[0;32m  OK  [0m] Started Apply the settings specified in cloud-config.
[   25.764653] cloud-init[979]: |oo= .o.o.        |
[   25.836316] cloud-init[979]: |.+.o oo.oE       |
[   25.836617] cloud-init[979]: |=.o o ..S.       |
[[0;32m  OK  [0m] Started Accounts Service.
[   25.836754] cloud-init[979]: |==  ...  .       |
[[   25.896550] cloud-init[979]: |o.=o . .         |
[   25.897063] cloud-init[979]: |+ +O. .          |
[0;32m  OK  [0m] Started Login to default iSCSI targets.
[   25.897210] cloud-init[979]: |=B*o+.           |
[   25.902498] cloud-init[979]: +----[SHA256]-----+
[[0;32m  OK  [0m] Reached target Remote File Systems (Pre).
[   25.919376] cloud-init[1099]: Generating locales (this might take a while)...
[   25.972703] cloud-initt1099]:   en_US.UTF-8... done
[[0;32m  OK  [0m] Reached target Remote File Systems.
[   26.008407] cloud-init[1099]: Generation complete.
[   26.042627] cloud-init[1099]: Cloud-init v. 18.2 running 'modules:config' at Thu, 28 Jun 2018 20:09:51 +0000. Up 24.20 seconds.
         Starting Permit User Sessions...
         Starting LSB: automatic crash report generation...
         Starting LSB: Set the CPU Frequency Scaling governor to "ondemand"...
         Starting LSB: daemon to balance interrupts for SMP systems...
[[0;32m  OK  [0m] Started Wait until snapd is fully seeded.
[[0;32m  OK  [0m] Started Permit User Sessions.
[[0;32m  OK  [0m] Started LSB: Set the CPU Frequency Scaling governor to "ondemand".
[[0;32m  OK  [0m] Started LSB: automatic crash report generation.
[[0;32m  OK  [0m] Started LSB: daemon to balance interrupts for SMP systems.
[[0;32m  OK  [0m] Created slice User Slice of vagrant.
[[0;32m  OK  [0m] Started Session 1 of user vagrant.
         Starting User Manager for UID 1000...
         Starting Hold until boot process finishes up...
         Starting Terminate Plymouth Boot Screen...
[[0;32m  OK  [0m] Started User Manager for UID 1000.
[[0;32m  OK  [0m] Started Hold until boot process finishee up.
[[0;32m  OK  [0m] Started Terminate Plymouth Boot Screen.
[[0;32m  OK  [0m] Started Serial Getty on ttyS0.
[[0;32m  OK  [0m] Started Getty on tty1.
[[0;32m  OK  [0m] Reached target Login Prompts.
[[0;32m  OK  [0m] Reached target Multi-User System.
         Starting Execute cloud user/final scripts...
[[0;32m  OK  [0m] Reached target Graphical Interface.
         Starting Update UTMP about System Runlevel Changes...
         Starting Set console scheme...
[[0;32m  OK  [0m] Started Set console scheme.
[[0;32m  OK  [0m] Started Update UTMP about System Runlevel Changes.
ci-info: no authorized ssh keys fingerprints found for user ubuntu.
<14>Jun 28 20:09:55 ec2: 
<14>Jun 28 20:09:55 ec2: #############################################################
<14>Jun 28 20:09:55 ec2: -----BEGIN SSH HOST KEY FINGERPRINTS-----
<14>Jun 28 20:09:55 ec2: 1024 SHA256:oRl06dwdnvMhfKDK6MBUNexzlqR6OyfRphAoGa56Zhc root@ubuntu-xenial (DSA)
<14>Jun 28 20:09:55 ec2: 256 SHA256:ohIFy0Ybq8TSsBEKYpnjT8hum42bkN/OP74SA3v7XXs root@ubuntu-xenial (ECDSA)
<14>Jun 28 20:09:55 ec2: 256 SHA256:Ay4JxgYLp3D9u0g6+GnKunzzasbwAPGKLMJxReH3UOk root@ubuntu-xenial (ED25519)
<14>Jun 28 20:09:55 ec2: 2048 SHA256:2wcOOtbV5nHT02DWUHg5SWNoxlOisZ9J8TvniyLmUes root@ubuntu-xenial (RSA)
<14>Jun 28 20:09:55 ec2: -----END SSH HOST KEY FINGERPRINTS-----
<14>Jun 28 20:09:55 ec2: #############################################################
-----BEGIN SSH HOST KEY KEYS-----
ecdsa-sha2-nistp256 AAAAE2VjZHNhLXNoYTItbmlzdHAyNTYAAAAIbmlzdHAyNTYAAABBBLaO9fs9GPlgBxjmabrldMpbTODdxxwkjNM05kNjyLDvO+dpfMJv7XU7Rnhk3d9HJtXw3Byy6BPkGPGr9QCnpD0= root@ubuntu-xenial
ssh-ed25519 AAAAC3NzaC1lZDI1NTE5AAAAIHcgKho4aZUMGs7/1X8B5HAlVaFjgIMvsLvz88Df/l9l root@ubuntu-xenial
ssh-rsa AAAAB3NzaC1yc2EAAAADAQABAAABAQDHo4kHmeCl4hhyeXreuTqR/vIagapoYmZbXI5dK79l23cP6E7fVgXUdq0w/Q4GcCeiXtY0wgtWbwyI6CGVhaJaUgGBUDEPAoXmehTKX4ntMQnaVvruXbaFKh32vR2m3GxcdWIuKPVF6LZpkvWtsNm1bCCKe5uGx7R48LfXMnFYyV7tezFx3obiNViLHUJPqtb4viq2MwzTcb+NyDXicVhaXLwMTUZI51n4wZ+uIih3/ixH+7UtNlFwXefRrpoo3x3JGSh+PLXwiJCQWjouxtFMpVGJO+CgIXfRV2sVMt/r/F4i+V6DmAwzgX/GpAP1/fLTA4YRCQ2fNFfqbo3ICumt root@ubuntu-xenial
-----END SSH HOST KEY KEYS-----
[   27.883966] cloud-init[1345]: Cloud-init v. 18.2 running 'modules:final' at Thu, 28 Jun 2018 20:09:54 +0000. Up 27.13 seconds.
[   27.881179] cloud-init[1345]: ci-info: no authorized ssh keys fingerprints found for user ubuntu.
[   27.919342] cloud-init[1345]: Cloud-init v. 18.2 finished at Thu, 28 Jun 2018 20:09:55 +0000. Datasource DataSourceNoCloud [seed=/dev/sdb][dsmode=net].  Up 27.84 seconds
[[0;32m  OK  [0m] Started Execute cloud user/final scripts.
[[0;32m  OK  [0m] Reached target Cloud-init target.

Ubuntu 16.04.4 LTS ubuntu-xenial ttyS0

ubuntu-xenial login: 